src/app/pages/ActiveMeeting.tsx(1314,9): error TS2322: Type '{ isOpen: boolean; onClose: () => void; userName: string; userEmail: string; userAvatar: string; avatarType: "image" | "none" | "emoji"; editedUserName: string; editedUserAvatar: string; editedAvatarType: "image" | ... 1 more ... | "emoji"; ... 4 more ...; onSave: () => void; }' is not assignable to type 'IntrinsicAttributes & ProfileSettingsModalProps'.
  Property 'onAvatarImageUpload' does not exist on type 'IntrinsicAttributes & ProfileSettingsModalProps'.
src/app/pages/Chat.tsx(413,9): error TS2322: Type '{ isOpen: boolean; onClose: () => void; userName: string; userEmail: string; userAvatar: string; avatarType: "image" | "none" | "emoji"; editedUserName: string; editedUserAvatar: string; editedAvatarType: "image" | ... 1 more ... | "emoji"; ... 4 more ...; onSave: () => void; }' is not assignable to type 'IntrinsicAttributes & ProfileSettingsModalProps'.
  Property 'onAvatarImageUpload' does not exist on type 'IntrinsicAttributes & ProfileSettingsModalProps'.
src/app/pages/DirectChat.tsx(444,9): error TS2322: Type '{ isOpen: boolean; onClose: () => void; userName: string; userEmail: string; userAvatar: string; avatarType: "image" | "none" | "emoji"; editedUserName: string; editedUserAvatar: string; editedAvatarType: "image" | ... 1 more ... | "emoji"; ... 4 more ...; onSave: () => void; }' is not assignable to type 'IntrinsicAttributes & ProfileSettingsModalProps'.
  Property 'onAvatarImageUpload' does not exist on type 'IntrinsicAttributes & ProfileSettingsModalProps'.
src/app/pages/MeetingRoom.tsx(740,11): error TS2322: Type '{ isOpen: boolean; onClose: () => void; userName: string; userEmail: string; userAvatar: string; avatarType: "image" | "none" | "emoji"; editedUserName: string; editedUserAvatar: string; editedAvatarType: "image" | ... 1 more ... | "emoji"; ... 4 more ...; onSave: () => void; }' is not assignable to type 'IntrinsicAttributes & ProfileSettingsModalProps'.
  Property 'onAvatarImageUpload' does not exist on type 'IntrinsicAttributes & ProfileSettingsModalProps'.
src/app/pages/MeetingSetup.tsx(491,9): error TS2322: Type '{ isOpen: boolean; onClose: () => void; userName: string; userEmail: string; userAvatar: string; avatarType: "image" | "none" | "emoji"; editedUserName: string; editedUserAvatar: string; editedAvatarType: "image" | ... 1 more ... | "emoji"; ... 4 more ...; onSave: () => void; }' is not assignable to type 'IntrinsicAttributes & ProfileSettingsModalProps'.
  Property 'onAvatarImageUpload' does not exist on type 'IntrinsicAttributes & ProfileSettingsModalProps'.
src/app/pages/Minutes.tsx(441,9): error TS2322: Type '{ isOpen: boolean; onClose: () => void; userName: string; userEmail: string; userAvatar: string; avatarType: "image" | "none" | "emoji"; editedUserName: string; editedUserAvatar: string; editedAvatarType: "image" | ... 1 more ... | "emoji"; ... 4 more ...; onSave: () => void; }' is not assignable to type 'IntrinsicAttributes & ProfileSettingsModalProps'.
  Property 'onAvatarImageUpload' does not exist on type 'IntrinsicAttributes & ProfileSettingsModalProps'.
src/app/pages/ProfileSettings.tsx(9,28): error TS2307: Cannot find module '../api/profile' or its corresponding type declarations.
